  cac40_full: half-life 126 done [2s]
  cac40_full: half-life 252 done [3s]
  cac40_full: half-life 504 done [3s]
  cac40_full: half-life inf done [4s]

What is tested: Model 4.1, a correction confined to the visible block U_perp^T . U_6, 5 parameters.
Predeclared stopping rule: Model 4.1 beats the validation-selected EWMA on validation origins with a circular-block interval at 57-origin blocks excluding zero.
Setup: beta fitted closed-form on train; epsilon, theta and the fit chosen on validation by realised capture; test scored once.

     label  N  selected_half_life selected_fit  selected_epsilon  gap_floor_bound_fraction  max_offdiagonal_collinearity  validation_gate_improvement  validation_gate_ci_low  stopping_rule_passed
cac40_full 23            252.0000     gradient            0.0200                    0.0000                        0.3305                       0.0004                  0.0004                  True

Test origins, paired:
     label  test_frozen_capture  test_model_capture  test_versus_ewma  test_versus_ewma_ci_low  test_versus_ewma_ci_high  test_versus_frozen  test_versus_frozen_ci_low  test_versus_frozen_ci_high
cac40_full               0.6179              0.6219           -0.0002                  -0.0018                    0.0013              0.0040                    -0.0041                      0.0121

Fitted loadings (unit norm; amplitude lives in epsilon):
     label  beta_fast_slow  beta_momentum  beta_stress
cac40_full          -0.195         +0.963       +0.185

Risk loss vs geometry loss -- cosine of each fit's beta with the risk-optimal beta, at the selected half-life.
A value near 1 means optimising the geometry and optimising the realised risk pick the same direction on this data.
     label  fit_agreement_ridge  fit_agreement_geometric  fit_agreement_direct
cac40_full               +0.445                   -0.160                +1.000

Validation capture by fit, at each fit's own best epsilon:
fit          direct  geometric  gradient    ridge
label                                            
cac40_full +0.00493   +0.00458  +0.00493 +0.00460

Verdict: PASS -- validation gate cleared on 1/1 panels. Proceed to the test reading above.
