nikkei_full: N=131, days=6629, T=250, h=42, step=14, shuffles=99
    calendar null 1/99
    calendar null 2/99
    calendar null 3/99
    calendar null 4/99
    calendar null 5/99
    calendar null 6/99
    calendar null 7/99
    calendar null 8/99
    calendar null 9/99
    calendar null 10/99
    calendar null 11/99
    calendar null 12/99
    calendar null 13/99
    calendar null 14/99
    calendar null 15/99
    calendar null 16/99
    calendar null 17/99
    calendar null 18/99
    calendar null 19/99
    calendar null 20/99
    calendar null 21/99
    calendar null 22/99
    calendar null 23/99
    calendar null 24/99
    calendar null 25/99
    calendar null 26/99
    calendar null 27/99
    calendar null 28/99
    calendar null 29/99
    calendar null 30/99
    calendar null 31/99
    calendar null 32/99
    calendar null 33/99
    calendar null 34/99
    calendar null 35/99
    calendar null 36/99
    calendar null 37/99
    calendar null 38/99
    calendar null 39/99
    calendar null 40/99
    calendar null 41/99
    calendar null 42/99
    calendar null 43/99
    calendar null 44/99
    calendar null 45/99
    calendar null 46/99
    calendar null 47/99
    calendar null 48/99
    calendar null 49/99
    calendar null 50/99
    calendar null 51/99
    calendar null 52/99
    calendar null 53/99
    calendar null 54/99
    calendar null 55/99
    calendar null 56/99
    calendar null 57/99
    calendar null 58/99
    calendar null 59/99
    calendar null 60/99
    calendar null 61/99
    calendar null 62/99
    calendar null 63/99
    calendar null 64/99
    calendar null 65/99
    calendar null 66/99
    calendar null 67/99
    calendar null 68/99
    calendar null 69/99
    calendar null 70/99
    calendar null 71/99
    calendar null 72/99
    calendar null 73/99
    calendar null 74/99
    calendar null 75/99
    calendar null 76/99
    calendar null 77/99
    calendar null 78/99
    calendar null 79/99
    calendar null 80/99
    calendar null 81/99
    calendar null 82/99
    calendar null 83/99
    calendar null 84/99
    calendar null 85/99
    calendar null 86/99
    calendar null 87/99
    calendar null 88/99
    calendar null 89/99
    calendar null 90/99
    calendar null 91/99
    calendar null 92/99
    calendar null 93/99
    calendar null 94/99
    calendar null 95/99
    calendar null 96/99
    calendar null 97/99
    calendar null 98/99
    calendar null 99/99
    volatility null 1/99
    volatility null 2/99
    volatility null 3/99
    volatility null 4/99
    volatility null 5/99
    volatility null 6/99
    volatility null 7/99
    volatility null 8/99
    volatility null 9/99
    volatility null 10/99
    volatility null 11/99
    volatility null 12/99
    volatility null 13/99
    volatility null 14/99
    volatility null 15/99
    volatility null 16/99
    volatility null 17/99
    volatility null 18/99
    volatility null 19/99
    volatility null 20/99
    volatility null 21/99
    volatility null 22/99
    volatility null 23/99
    volatility null 24/99
    volatility null 25/99
    volatility null 26/99
    volatility null 27/99
    volatility null 28/99
    volatility null 29/99
    volatility null 30/99
    volatility null 31/99
    volatility null 32/99
    volatility null 33/99
    volatility null 34/99
    volatility null 35/99
    volatility null 36/99
    volatility null 37/99
    volatility null 38/99
    volatility null 39/99
    volatility null 40/99
    volatility null 41/99
    volatility null 42/99
    volatility null 43/99
    volatility null 44/99
    volatility null 45/99
    volatility null 46/99
    volatility null 47/99
    volatility null 48/99
    volatility null 49/99
    volatility null 50/99
    volatility null 51/99
    volatility null 52/99
    volatility null 53/99
    volatility null 54/99
    volatility null 55/99
    volatility null 56/99
    volatility null 57/99
    volatility null 58/99
    volatility null 59/99
    volatility null 60/99
    volatility null 61/99
    volatility null 62/99
    volatility null 63/99
    volatility null 64/99
    volatility null 65/99
    volatility null 66/99
    volatility null 67/99
    volatility null 68/99
    volatility null 69/99
    volatility null 70/99
    volatility null 71/99
    volatility null 72/99
    volatility null 73/99
    volatility null 74/99
    volatility null 75/99
    volatility null 76/99
    volatility null 77/99
    volatility null 78/99
    volatility null 79/99
    volatility null 80/99
    volatility null 81/99
    volatility null 82/99
    volatility null 83/99
    volatility null 84/99
    volatility null 85/99
    volatility null 86/99
    volatility null 87/99
    volatility null 88/99
    volatility null 89/99
    volatility null 90/99
    volatility null 91/99
    volatility null 92/99
    volatility null 93/99
    volatility null 94/99
    volatility null 95/99
    volatility null 96/99
    volatility null 97/99
    volatility null 98/99
    volatility null 99/99
  component  mean_full_cosine  mean_deletion_attributed_fraction  mean_full_residual_cosine  mean_addition_cosine  calendar_null_mean  calendar_p  volatility_null_mean  volatility_p
   market_1            0.1681                             0.4468                     0.0040                0.0830             -0.0158      0.0100                0.0173        0.0100
  block_2_3            0.1164                             0.4423                    -0.0008                0.0630             -0.0036      0.0100                0.0309        0.0200
  block_4_6            0.0561                             0.3938                    -0.0056                0.0304              0.0032      0.0200                0.0199        0.2000
      top_3            0.1158                             0.4410                    -0.0020                0.0618             -0.0042      0.0100                0.0300        0.0200
      top_6            0.0556                             0.3976                    -0.0155                0.0231              0.0021      0.0300                0.0156        0.2700
flag_nested            0.0706                             0.3921                    -0.0066                0.0358             -0.0002      0.0100                0.0190        0.0500
