
===== 2026-08-04T14:34:23.009699+00:00 C:\Users\Adarsh Arun\AppData\Local\Python\pythoncore-3.14-64\python.exe scripts/alarm3_detection_power.py --mode all --outdir C:\Users\Adarsh Arun\Downloads\Eigenvector Dynamics Beyond the RMT Null\results\alarm3_detection_power --scan C:\Users\Adarsh Arun\Downloads\Eigenvector Dynamics Beyond the RMT Null\results\regime4_9 C:\Users\Adarsh Arun\Downloads\Eigenvector Dynamics Beyond the RMT Null\results\alarm2_window_sweep --quick
QUICK smoke test: reduced cells, history and replicates.

=== Alarm 3a: empirical minimum detectable excess ===
                       cell  n_null  null_mean  null_sd  mde_q95_excess  observed  excess       z  powered_ratio  p_floor
 cac40_full_T750_h42_step14      24     0.0505   0.0165          0.0243    0.0845  0.0339  2.0607         1.3979   0.0400
   dax_full_T750_h42_step14      24     0.0402   0.0207          0.0319    0.1172  0.0770  3.7244         2.4120   0.0400
nikkei_full_T131_h14_step14      21     0.0395   0.0120          0.0143       NaN     NaN     NaN            NaN   0.0455
nikkei_full_T750_h42_step14      19     0.0590   0.0148          0.0176       NaN     NaN     NaN            NaN   0.0500
sp500_full_T1008_h42_step14       7     0.0855   0.0128          0.0118       NaN     NaN     NaN            NaN   0.1250
 sp500_full_T500_h42_step14       6     0.0658   0.0077          0.0105    0.1275  0.0617  8.0157         5.8873   0.1429
 sp500_full_T750_h42_step14      13     0.0834   0.0186          0.0333       NaN     NaN     NaN            NaN   0.0714
 sp500_full_T750_h84_step14      10     0.0313   0.0208          0.0310       NaN     NaN     NaN            NaN   0.0909
 cac40_full_T250_h42_step14      99     0.0176   0.0142          0.0226    0.0169 -0.0007 -0.0512        -0.0322   0.0100
   dax_full_T250_h42_step14      99     0.0147   0.0137          0.0246    0.0200  0.0054  0.3918         0.2177   0.0100
nikkei_full_T250_h42_step14      99     0.0190   0.0108          0.0155    0.0358  0.0168  1.5530         1.0798   0.0100
 sp500_full_T357_h42_step14      99     0.0564   0.0140          0.0206    0.0977  0.0414  2.9492         2.0053   0.0100

  underpowered cells (excess below the p<=0.05 threshold): 2
    cac40_full_T250_h42_step14
    dax_full_T250_h42_step14

=== Alarm 3b: synthetic detection floor ===
    N=23 T=250 h=42 omega=0 rep=1/5 cos=+0.0499
    N=23 T=250 h=42 omega=0 rep=2/5 cos=+0.0210
    N=23 T=250 h=42 omega=0 rep=3/5 cos=+0.0230
    N=23 T=250 h=42 omega=0 rep=4/5 cos=+0.0101
    N=23 T=250 h=42 omega=0 rep=5/5 cos=-0.0833
    N=23 T=250 h=42 omega=0.001 rep=1/2 cos=+0.0384
    N=23 T=250 h=42 omega=0.001 rep=2/2 cos=+0.0049
    N=23 T=250 h=42 omega=0.005 rep=1/2 cos=+0.4305
    N=23 T=250 h=42 omega=0.005 rep=2/2 cos=+0.4222
    N=29 T=250 h=42 omega=0 rep=1/5 cos=-0.0243
    N=29 T=250 h=42 omega=0 rep=2/5 cos=+0.0673
    N=29 T=250 h=42 omega=0 rep=3/5 cos=-0.0011
    N=29 T=250 h=42 omega=0 rep=4/5 cos=-0.1007
    N=29 T=250 h=42 omega=0 rep=5/5 cos=-0.0466
    N=29 T=250 h=42 omega=0.001 rep=1/2 cos=-0.0149
    N=29 T=250 h=42 omega=0.001 rep=2/2 cos=+0.0506
    N=29 T=250 h=42 omega=0.005 rep=1/2 cos=+0.4429
    N=29 T=250 h=42 omega=0.005 rep=2/2 cos=+0.2954

Detection floor per cell (omega=0 is the exact null)
          tag  N   T      q  deletion_fraction  n_null  null_mean  null_sd  detection_threshold  mde_omega  mde_horizon_degrees  mde_addition_speed
cac published 23 250 0.0920             0.1680       5     0.0041   0.0510               0.0881     0.0050              12.0321              0.2843
dax published 29 250 0.1160             0.1680       5    -0.0211   0.0617               0.0804     0.0050              12.0321              0.3084

  mde_horizon_degrees is the top-six subspace rotation over one 42-day horizon that this cell can just resolve.
  mde_addition_speed is directly comparable to mean_addition_next_speed in the real Regime 4.9 series.

Written to C:\Users\Adarsh Arun\Downloads\Eigenvector Dynamics Beyond the RMT Null\results\alarm3_detection_power

===== 2026-08-04T19:12:27.051430+00:00 C:\Users\Adarsh Arun\AppData\Local\Python\pythoncore-3.14-64\python.exe scripts/alarm3_detection_power.py --mode all --outdir C:\Users\Adarsh Arun\Downloads\Eigenvector Dynamics Beyond the RMT Null\results\alarm3_detection_power --scan C:\Users\Adarsh Arun\Downloads\Eigenvector Dynamics Beyond the RMT Null\results\regime4_9 C:\Users\Adarsh Arun\Downloads\Eigenvector Dynamics Beyond the RMT Null\results\alarm2_window_sweep

=== Alarm 3a: empirical minimum detectable excess ===
                        cell  n_null  null_mean  null_sd  mde_q95_excess  observed  excess       z  powered_ratio  p_floor
  cac40_full_T750_h42_step14      99     0.0458   0.0206          0.0355    0.0845  0.0386  1.8789         1.0889   0.0100
    dax_full_T750_h42_step14      99     0.0403   0.0202          0.0312    0.1172  0.0769  3.8118         2.4636   0.0100
 nikkei_full_T131_h14_step14      21     0.0395   0.0120          0.0143       NaN     NaN     NaN            NaN   0.0455
 nikkei_full_T750_h42_step14     107     0.0520   0.0192          0.0271    0.0856  0.0337  1.7490         1.2435   0.0093
sp500_full_T1008_h112_step14      99     0.0333   0.0358          0.0592    0.2480  0.2147  6.0043         3.6260   0.0100
 sp500_full_T1008_h42_step14      99     0.0787   0.0220          0.0356    0.1824  0.1038  4.7100         2.9166   0.0100
  sp500_full_T357_h42_step14      99     0.0564   0.0140          0.0206    0.0977  0.0414  2.9492         2.0053   0.0100
  sp500_full_T500_h42_step14      99     0.0682   0.0164          0.0241    0.1275  0.0593  3.6204         2.4623   0.0100
  sp500_full_T500_h56_step14      99     0.0460   0.0197          0.0310    0.1347  0.0887  4.4949         2.8593   0.0100
  sp500_full_T750_h42_step14      99     0.0816   0.0185          0.0280    0.1423  0.0607  3.2795         2.1651   0.0100
  sp500_full_T750_h84_step14      99     0.0376   0.0266          0.0391    0.1923  0.1547  5.8125         3.9585   0.0100
  cac40_full_T250_h42_step14      99     0.0176   0.0142          0.0226    0.0169 -0.0007 -0.0512        -0.0322   0.0100
    dax_full_T250_h42_step14      99     0.0147   0.0137          0.0246    0.0200  0.0054  0.3918         0.2177   0.0100
 nikkei_full_T250_h42_step14      99     0.0190   0.0108          0.0155    0.0358  0.0168  1.5530         1.0798   0.0100
  sp500_full_T357_h42_step14      99     0.0564   0.0140          0.0206    0.0977  0.0414  2.9492         2.0053   0.0100

  underpowered cells (excess below the p<=0.05 threshold): 2
    cac40_full_T250_h42_step14
    dax_full_T250_h42_step14

=== Alarm 3b: synthetic detection floor ===
    N=23 T=250 h=42 omega=0 rep=6/24 cos=-0.0201
    N=23 T=250 h=42 omega=0 rep=7/24 cos=-0.0433
    N=23 T=250 h=42 omega=0 rep=8/24 cos=-0.0042
    N=23 T=250 h=42 omega=0 rep=9/24 cos=-0.0311
    N=23 T=250 h=42 omega=0 rep=10/24 cos=-0.0035
    N=23 T=250 h=42 omega=0 rep=11/24 cos=+0.0215
    N=23 T=250 h=42 omega=0 rep=12/24 cos=-0.0192
    N=23 T=250 h=42 omega=0 rep=13/24 cos=-0.0417
    N=23 T=250 h=42 omega=0 rep=14/24 cos=-0.0127
    N=23 T=250 h=42 omega=0 rep=15/24 cos=-0.0180
    N=23 T=250 h=42 omega=0 rep=16/24 cos=+0.0109
    N=23 T=250 h=42 omega=0 rep=17/24 cos=-0.0312
    N=23 T=250 h=42 omega=0 rep=18/24 cos=-0.0255
    N=23 T=250 h=42 omega=0 rep=19/24 cos=+0.0224
    N=23 T=250 h=42 omega=0 rep=20/24 cos=+0.0005
    N=23 T=250 h=42 omega=0 rep=21/24 cos=-0.0557
    N=23 T=250 h=42 omega=0 rep=22/24 cos=-0.0136
    N=23 T=250 h=42 omega=0 rep=23/24 cos=-0.0183
    N=23 T=250 h=42 omega=0 rep=24/24 cos=-0.0245
    N=23 T=250 h=42 omega=0.0002 rep=1/3 cos=-0.0346
    N=23 T=250 h=42 omega=0.0002 rep=2/3 cos=-0.0488
    N=23 T=250 h=42 omega=0.0002 rep=3/3 cos=-0.0066
    N=23 T=250 h=42 omega=0.0005 rep=1/3 cos=-0.0291
    N=23 T=250 h=42 omega=0.0005 rep=2/3 cos=-0.0321
    N=23 T=250 h=42 omega=0.0005 rep=3/3 cos=+0.0332
    N=23 T=250 h=42 omega=0.001 rep=3/3 cos=+0.0280
    N=23 T=250 h=42 omega=0.002 rep=1/3 cos=+0.1245
    N=23 T=250 h=42 omega=0.002 rep=2/3 cos=+0.1672
    N=23 T=250 h=42 omega=0.002 rep=3/3 cos=+0.0883
    N=23 T=250 h=42 omega=0.005 rep=3/3 cos=+0.3913
    N=23 T=250 h=42 omega=0.01 rep=1/3 cos=+0.4458
    N=23 T=250 h=42 omega=0.01 rep=2/3 cos=+0.3758
    N=23 T=250 h=42 omega=0.01 rep=3/3 cos=+0.4178
    N=23 T=750 h=42 omega=0 rep=1/24 cos=-0.0013
    N=23 T=750 h=42 omega=0 rep=2/24 cos=+0.0169
    N=23 T=750 h=42 omega=0 rep=3/24 cos=-0.0059
    N=23 T=750 h=42 omega=0 rep=4/24 cos=+0.0132
    N=23 T=750 h=42 omega=0 rep=5/24 cos=-0.0073
    N=23 T=750 h=42 omega=0 rep=6/24 cos=+0.0247
    N=23 T=750 h=42 omega=0 rep=7/24 cos=-0.0017
    N=23 T=750 h=42 omega=0 rep=8/24 cos=-0.0468
    N=23 T=750 h=42 omega=0 rep=9/24 cos=-0.0291
    N=23 T=750 h=42 omega=0 rep=10/24 cos=-0.0175
    N=23 T=750 h=42 omega=0 rep=11/24 cos=+0.0174
    N=23 T=750 h=42 omega=0 rep=12/24 cos=-0.0235
    N=23 T=750 h=42 omega=0 rep=13/24 cos=-0.0115
    N=23 T=750 h=42 omega=0 rep=14/24 cos=+0.0123
    N=23 T=750 h=42 omega=0 rep=15/24 cos=-0.0062
    N=23 T=750 h=42 omega=0 rep=16/24 cos=-0.0078
    N=23 T=750 h=42 omega=0 rep=17/24 cos=+0.0038
    N=23 T=750 h=42 omega=0 rep=18/24 cos=+0.0083
    N=23 T=750 h=42 omega=0 rep=19/24 cos=+0.0001
    N=23 T=750 h=42 omega=0 rep=20/24 cos=-0.0371
    N=23 T=750 h=42 omega=0 rep=21/24 cos=-0.0231
    N=23 T=750 h=42 omega=0 rep=22/24 cos=+0.0038
    N=23 T=750 h=42 omega=0 rep=23/24 cos=+0.0199
    N=23 T=750 h=42 omega=0 rep=24/24 cos=-0.0713
    N=23 T=750 h=42 omega=0.0002 rep=1/3 cos=+0.0614
    N=23 T=750 h=42 omega=0.0002 rep=2/3 cos=+0.0271
    N=23 T=750 h=42 omega=0.0002 rep=3/3 cos=+0.0398
    N=23 T=750 h=42 omega=0.0005 rep=1/3 cos=+0.0199
    N=23 T=750 h=42 omega=0.0005 rep=2/3 cos=+0.1258
    N=23 T=750 h=42 omega=0.0005 rep=3/3 cos=+0.1720
    N=23 T=750 h=42 omega=0.001 rep=1/3 cos=+0.3280
    N=23 T=750 h=42 omega=0.001 rep=2/3 cos=+0.3595
    N=23 T=750 h=42 omega=0.001 rep=3/3 cos=+0.3685
    N=23 T=750 h=42 omega=0.002 rep=1/3 cos=+0.5858
    N=23 T=750 h=42 omega=0.002 rep=2/3 cos=+0.6171
    N=23 T=750 h=42 omega=0.002 rep=3/3 cos=+0.6280
    N=23 T=750 h=42 omega=0.005 rep=1/3 cos=+0.5777
    N=23 T=750 h=42 omega=0.005 rep=2/3 cos=+0.5629
    N=23 T=750 h=42 omega=0.005 rep=3/3 cos=+0.5857
    N=23 T=750 h=42 omega=0.01 rep=1/3 cos=+0.7565
    N=23 T=750 h=42 omega=0.01 rep=2/3 cos=+0.5538
    N=23 T=750 h=42 omega=0.01 rep=3/3 cos=+0.7062
    N=29 T=250 h=42 omega=0 rep=6/24 cos=-0.0230
    N=29 T=250 h=42 omega=0 rep=7/24 cos=-0.0300
    N=29 T=250 h=42 omega=0 rep=8/24 cos=-0.0221
    N=29 T=250 h=42 omega=0 rep=9/24 cos=-0.0002
    N=29 T=250 h=42 omega=0 rep=10/24 cos=-0.0250
    N=29 T=250 h=42 omega=0 rep=11/24 cos=-0.0209
    N=29 T=250 h=42 omega=0 rep=12/24 cos=-0.0212
    N=29 T=250 h=42 omega=0 rep=13/24 cos=-0.0065
    N=29 T=250 h=42 omega=0 rep=14/24 cos=-0.0154
    N=29 T=250 h=42 omega=0 rep=15/24 cos=-0.0265
    N=29 T=250 h=42 omega=0 rep=16/24 cos=-0.0047
    N=29 T=250 h=42 omega=0 rep=17/24 cos=+0.0101
    N=29 T=250 h=42 omega=0 rep=18/24 cos=-0.0168
    N=29 T=250 h=42 omega=0 rep=19/24 cos=-0.0246
    N=29 T=250 h=42 omega=0 rep=20/24 cos=-0.0397
    N=29 T=250 h=42 omega=0 rep=21/24 cos=-0.0004
    N=29 T=250 h=42 omega=0 rep=22/24 cos=+0.0054
    N=29 T=250 h=42 omega=0 rep=23/24 cos=-0.0283
    N=29 T=250 h=42 omega=0 rep=24/24 cos=+0.0063
    N=29 T=250 h=42 omega=0.0002 rep=1/3 cos=-0.0344
    N=29 T=250 h=42 omega=0.0002 rep=2/3 cos=-0.0310
    N=29 T=250 h=42 omega=0.0002 rep=3/3 cos=-0.0219
    N=29 T=250 h=42 omega=0.0005 rep=1/3 cos=+0.0181
    N=29 T=250 h=42 omega=0.0005 rep=2/3 cos=-0.0033
    N=29 T=250 h=42 omega=0.0005 rep=3/3 cos=-0.0031
    N=29 T=250 h=42 omega=0.001 rep=3/3 cos=+0.0093
    N=29 T=250 h=42 omega=0.002 rep=1/3 cos=+0.0933
    N=29 T=250 h=42 omega=0.002 rep=2/3 cos=+0.0768
    N=29 T=250 h=42 omega=0.002 rep=3/3 cos=+0.0547
    N=29 T=250 h=42 omega=0.005 rep=3/3 cos=+0.3419
    N=29 T=250 h=42 omega=0.01 rep=1/3 cos=+0.4465
    N=29 T=250 h=42 omega=0.01 rep=2/3 cos=+0.4314
    N=29 T=250 h=42 omega=0.01 rep=3/3 cos=+0.4233
    N=29 T=750 h=42 omega=0 rep=1/24 cos=-0.0177
    N=29 T=750 h=42 omega=0 rep=2/24 cos=-0.0161
    N=29 T=750 h=42 omega=0 rep=3/24 cos=+0.0620
    N=29 T=750 h=42 omega=0 rep=4/24 cos=+0.0157
    N=29 T=750 h=42 omega=0 rep=5/24 cos=+0.0356
    N=29 T=750 h=42 omega=0 rep=6/24 cos=-0.0527
    N=29 T=750 h=42 omega=0 rep=7/24 cos=-0.0280
    N=29 T=750 h=42 omega=0 rep=8/24 cos=-0.0038
    N=29 T=750 h=42 omega=0 rep=9/24 cos=-0.0132
    N=29 T=750 h=42 omega=0 rep=10/24 cos=-0.0110
    N=29 T=750 h=42 omega=0 rep=11/24 cos=+0.0285
    N=29 T=750 h=42 omega=0 rep=12/24 cos=-0.0212
    N=29 T=750 h=42 omega=0 rep=13/24 cos=-0.0094
    N=29 T=750 h=42 omega=0 rep=14/24 cos=-0.0175
    N=29 T=750 h=42 omega=0 rep=15/24 cos=+0.0003
    N=29 T=750 h=42 omega=0 rep=16/24 cos=-0.0110
    N=29 T=750 h=42 omega=0 rep=17/24 cos=+0.0225
    N=29 T=750 h=42 omega=0 rep=18/24 cos=+0.0160
    N=29 T=750 h=42 omega=0 rep=19/24 cos=-0.0362
    N=29 T=750 h=42 omega=0 rep=20/24 cos=-0.0266
    N=29 T=750 h=42 omega=0 rep=21/24 cos=+0.0350
    N=29 T=750 h=42 omega=0 rep=22/24 cos=-0.0214
    N=29 T=750 h=42 omega=0 rep=23/24 cos=+0.0257
    N=29 T=750 h=42 omega=0 rep=24/24 cos=+0.0326
    N=29 T=750 h=42 omega=0.0002 rep=1/3 cos=-0.0201
    N=29 T=750 h=42 omega=0.0002 rep=2/3 cos=-0.0582
    N=29 T=750 h=42 omega=0.0002 rep=3/3 cos=+0.0545
    N=29 T=750 h=42 omega=0.0005 rep=1/3 cos=+0.0572
    N=29 T=750 h=42 omega=0.0005 rep=2/3 cos=+0.1149
    N=29 T=750 h=42 omega=0.0005 rep=3/3 cos=+0.0702
    N=29 T=750 h=42 omega=0.001 rep=1/3 cos=+0.2842
    N=29 T=750 h=42 omega=0.001 rep=2/3 cos=+0.2693
    N=29 T=750 h=42 omega=0.001 rep=3/3 cos=+0.2740
    N=29 T=750 h=42 omega=0.002 rep=1/3 cos=+0.6103
    N=29 T=750 h=42 omega=0.002 rep=2/3 cos=+0.5887
    N=29 T=750 h=42 omega=0.002 rep=3/3 cos=+0.5746
    N=29 T=750 h=42 omega=0.005 rep=1/3 cos=+0.5519
    N=29 T=750 h=42 omega=0.005 rep=2/3 cos=+0.6398
    N=29 T=750 h=42 omega=0.005 rep=3/3 cos=+0.5540
    N=29 T=750 h=42 omega=0.01 rep=1/3 cos=+0.8087
    N=29 T=750 h=42 omega=0.01 rep=2/3 cos=+0.6603
    N=29 T=750 h=42 omega=0.01 rep=3/3 cos=+0.7256
    N=131 T=250 h=42 omega=0 rep=1/24 cos=+0.0001
    N=131 T=250 h=42 omega=0 rep=2/24 cos=-0.0094
    N=131 T=250 h=42 omega=0 rep=3/24 cos=-0.0189
    N=131 T=250 h=42 omega=0 rep=4/24 cos=-0.0026
    N=131 T=250 h=42 omega=0 rep=5/24 cos=+0.0108
    N=131 T=250 h=42 omega=0 rep=6/24 cos=+0.0075
    N=131 T=250 h=42 omega=0 rep=7/24 cos=-0.0042
    N=131 T=250 h=42 omega=0 rep=8/24 cos=-0.0202
    N=131 T=250 h=42 omega=0 rep=9/24 cos=-0.0073
    N=131 T=250 h=42 omega=0 rep=10/24 cos=-0.0202
    N=131 T=250 h=42 omega=0 rep=11/24 cos=-0.0072
    N=131 T=250 h=42 omega=0 rep=12/24 cos=-0.0068
    N=131 T=250 h=42 omega=0 rep=13/24 cos=-0.0369
    N=131 T=250 h=42 omega=0 rep=14/24 cos=-0.0205
    N=131 T=250 h=42 omega=0 rep=15/24 cos=-0.0245
    N=131 T=250 h=42 omega=0 rep=16/24 cos=-0.0203
    N=131 T=250 h=42 omega=0 rep=17/24 cos=-0.0141
    N=131 T=250 h=42 omega=0 rep=18/24 cos=-0.0082
    N=131 T=250 h=42 omega=0 rep=19/24 cos=-0.0075
    N=131 T=250 h=42 omega=0 rep=20/24 cos=-0.0287
    N=131 T=250 h=42 omega=0 rep=21/24 cos=-0.0128
    N=131 T=250 h=42 omega=0 rep=22/24 cos=-0.0010
    N=131 T=250 h=42 omega=0 rep=23/24 cos=-0.0223
    N=131 T=250 h=42 omega=0 rep=24/24 cos=+0.0036
    N=131 T=250 h=42 omega=0.0002 rep=1/3 cos=+0.0062
    N=131 T=250 h=42 omega=0.0002 rep=2/3 cos=-0.0055
    N=131 T=250 h=42 omega=0.0002 rep=3/3 cos=+0.0061
    N=131 T=250 h=42 omega=0.0005 rep=1/3 cos=-0.0349
    N=131 T=250 h=42 omega=0.0005 rep=2/3 cos=+0.0051
    N=131 T=250 h=42 omega=0.0005 rep=3/3 cos=-0.0259
    N=131 T=250 h=42 omega=0.001 rep=1/3 cos=-0.0070
    N=131 T=250 h=42 omega=0.001 rep=2/3 cos=+0.0051
    N=131 T=250 h=42 omega=0.001 rep=3/3 cos=-0.0027
    N=131 T=250 h=42 omega=0.002 rep=1/3 cos=+0.0222
    N=131 T=250 h=42 omega=0.002 rep=2/3 cos=+0.0235
    N=131 T=250 h=42 omega=0.002 rep=3/3 cos=+0.0236
    N=131 T=250 h=42 omega=0.005 rep=1/3 cos=+0.1996
    N=131 T=250 h=42 omega=0.005 rep=2/3 cos=+0.1657
    N=131 T=250 h=42 omega=0.005 rep=3/3 cos=+0.1815
    N=131 T=250 h=42 omega=0.01 rep=1/3 cos=+0.3453
    N=131 T=250 h=42 omega=0.01 rep=2/3 cos=+0.3444
    N=131 T=250 h=42 omega=0.01 rep=3/3 cos=+0.3719
    N=131 T=750 h=42 omega=0 rep=1/24 cos=+0.0029
    N=131 T=750 h=42 omega=0 rep=2/24 cos=+0.0204
    N=131 T=750 h=42 omega=0 rep=3/24 cos=+0.0035
    N=131 T=750 h=42 omega=0 rep=4/24 cos=+0.0164
    N=131 T=750 h=42 omega=0 rep=5/24 cos=-0.0325
    N=131 T=750 h=42 omega=0 rep=6/24 cos=-0.0431
    N=131 T=750 h=42 omega=0 rep=7/24 cos=+0.0176
    N=131 T=750 h=42 omega=0 rep=8/24 cos=-0.0024
    N=131 T=750 h=42 omega=0 rep=9/24 cos=+0.0145
    N=131 T=750 h=42 omega=0 rep=10/24 cos=+0.0018
    N=131 T=750 h=42 omega=0 rep=11/24 cos=+0.0219
    N=131 T=750 h=42 omega=0 rep=12/24 cos=+0.0068
    N=131 T=750 h=42 omega=0 rep=13/24 cos=-0.0104
    N=131 T=750 h=42 omega=0 rep=14/24 cos=-0.0007
    N=131 T=750 h=42 omega=0 rep=15/24 cos=+0.0299
    N=131 T=750 h=42 omega=0 rep=16/24 cos=+0.0167
    N=131 T=750 h=42 omega=0 rep=17/24 cos=-0.0028
    N=131 T=750 h=42 omega=0 rep=18/24 cos=+0.0395
    N=131 T=750 h=42 omega=0 rep=19/24 cos=+0.0009
    N=131 T=750 h=42 omega=0 rep=20/24 cos=+0.0035
    N=131 T=750 h=42 omega=0 rep=21/24 cos=+0.0197
    N=131 T=750 h=42 omega=0 rep=22/24 cos=-0.0092
    N=131 T=750 h=42 omega=0 rep=23/24 cos=+0.0183
    N=131 T=750 h=42 omega=0 rep=24/24 cos=-0.0252
    N=131 T=750 h=42 omega=0.0002 rep=1/3 cos=+0.0053
    N=131 T=750 h=42 omega=0.0002 rep=2/3 cos=-0.0281
    N=131 T=750 h=42 omega=0.0002 rep=3/3 cos=+0.0202
    N=131 T=750 h=42 omega=0.0005 rep=1/3 cos=+0.0360
    N=131 T=750 h=42 omega=0.0005 rep=2/3 cos=+0.0143
    N=131 T=750 h=42 omega=0.0005 rep=3/3 cos=+0.0488
    N=131 T=750 h=42 omega=0.001 rep=1/3 cos=+0.1658
    N=131 T=750 h=42 omega=0.001 rep=2/3 cos=+0.1552
    N=131 T=750 h=42 omega=0.001 rep=3/3 cos=+0.1440
    N=131 T=750 h=42 omega=0.002 rep=1/3 cos=+0.4329
    N=131 T=750 h=42 omega=0.002 rep=2/3 cos=+0.4752
    N=131 T=750 h=42 omega=0.002 rep=3/3 cos=+0.4593
    N=131 T=750 h=42 omega=0.005 rep=1/3 cos=+0.5675
    N=131 T=750 h=42 omega=0.005 rep=2/3 cos=+0.5284
    N=131 T=750 h=42 omega=0.005 rep=3/3 cos=+0.5922
    N=131 T=750 h=42 omega=0.01 rep=1/3 cos=+0.7193
    N=131 T=750 h=42 omega=0.01 rep=2/3 cos=+0.7388
    N=131 T=750 h=42 omega=0.01 rep=3/3 cos=+0.6693
    N=357 T=357 h=42 omega=0 rep=1/24 cos=-0.0156
    N=357 T=357 h=42 omega=0 rep=2/24 cos=-0.0023
    N=357 T=357 h=42 omega=0 rep=3/24 cos=-0.0136
    N=357 T=357 h=42 omega=0 rep=4/24 cos=-0.0017
    N=357 T=357 h=42 omega=0 rep=5/24 cos=-0.0063
    N=357 T=357 h=42 omega=0 rep=6/24 cos=+0.0117
    N=357 T=357 h=42 omega=0 rep=7/24 cos=+0.0102
    N=357 T=357 h=42 omega=0 rep=8/24 cos=-0.0199
    N=357 T=357 h=42 omega=0 rep=9/24 cos=+0.0016
    N=357 T=357 h=42 omega=0 rep=10/24 cos=-0.0154
    N=357 T=357 h=42 omega=0 rep=11/24 cos=-0.0038
    N=357 T=357 h=42 omega=0 rep=12/24 cos=-0.0012
    N=357 T=357 h=42 omega=0 rep=13/24 cos=+0.0048
    N=357 T=357 h=42 omega=0 rep=14/24 cos=-0.0058
    N=357 T=357 h=42 omega=0 rep=15/24 cos=+0.0074
    N=357 T=357 h=42 omega=0 rep=16/24 cos=+0.0128
    N=357 T=357 h=42 omega=0 rep=17/24 cos=+0.0001
    N=357 T=357 h=42 omega=0 rep=18/24 cos=-0.0016
    N=357 T=357 h=42 omega=0 rep=19/24 cos=+0.0009
    N=357 T=357 h=42 omega=0 rep=20/24 cos=-0.0316
    N=357 T=357 h=42 omega=0 rep=21/24 cos=-0.0085
    N=357 T=357 h=42 omega=0 rep=22/24 cos=-0.0202
    N=357 T=357 h=42 omega=0 rep=23/24 cos=-0.0124
    N=357 T=357 h=42 omega=0 rep=24/24 cos=+0.0169
    N=357 T=357 h=42 omega=0.0002 rep=1/3 cos=-0.0171
    N=357 T=357 h=42 omega=0.0002 rep=2/3 cos=+0.0116
    N=357 T=357 h=42 omega=0.0002 rep=3/3 cos=-0.0097
    N=357 T=357 h=42 omega=0.0005 rep=1/3 cos=-0.0073
    N=357 T=357 h=42 omega=0.0005 rep=2/3 cos=-0.0000
    N=357 T=357 h=42 omega=0.0005 rep=3/3 cos=-0.0145
    N=357 T=357 h=42 omega=0.001 rep=1/3 cos=+0.0202
    N=357 T=357 h=42 omega=0.001 rep=2/3 cos=+0.0065
    N=357 T=357 h=42 omega=0.001 rep=3/3 cos=+0.0140
    N=357 T=357 h=42 omega=0.002 rep=1/3 cos=+0.0827
    N=357 T=357 h=42 omega=0.002 rep=2/3 cos=+0.0370
    N=357 T=357 h=42 omega=0.002 rep=3/3 cos=+0.0628
    N=357 T=357 h=42 omega=0.005 rep=1/3 cos=+0.2882
    N=357 T=357 h=42 omega=0.005 rep=2/3 cos=+0.2394
    N=357 T=357 h=42 omega=0.005 rep=3/3 cos=+0.3076
    N=357 T=357 h=42 omega=0.01 rep=1/3 cos=+0.2428
    N=357 T=357 h=42 omega=0.01 rep=2/3 cos=+0.2787
    N=357 T=357 h=42 omega=0.01 rep=3/3 cos=+0.2702
    N=357 T=750 h=42 omega=0 rep=1/24 cos=-0.0201
    N=357 T=750 h=42 omega=0 rep=2/24 cos=-0.0238
    N=357 T=750 h=42 omega=0 rep=3/24 cos=-0.0079
    N=357 T=750 h=42 omega=0 rep=4/24 cos=-0.0134
    N=357 T=750 h=42 omega=0 rep=5/24 cos=-0.0079
    N=357 T=750 h=42 omega=0 rep=6/24 cos=-0.0216
    N=357 T=750 h=42 omega=0 rep=7/24 cos=-0.0310
    N=357 T=750 h=42 omega=0 rep=8/24 cos=+0.0270
    N=357 T=750 h=42 omega=0 rep=9/24 cos=+0.0081
    N=357 T=750 h=42 omega=0 rep=10/24 cos=-0.0091
    N=357 T=750 h=42 omega=0 rep=11/24 cos=+0.0001
    N=357 T=750 h=42 omega=0 rep=12/24 cos=-0.0139
    N=357 T=750 h=42 omega=0 rep=13/24 cos=+0.0012
    N=357 T=750 h=42 omega=0 rep=14/24 cos=-0.0085
    N=357 T=750 h=42 omega=0 rep=15/24 cos=-0.0162
    N=357 T=750 h=42 omega=0 rep=16/24 cos=+0.0269
    N=357 T=750 h=42 omega=0 rep=17/24 cos=+0.0174
    N=357 T=750 h=42 omega=0 rep=18/24 cos=-0.0133
    N=357 T=750 h=42 omega=0 rep=19/24 cos=-0.0078
    N=357 T=750 h=42 omega=0 rep=20/24 cos=-0.0227
    N=357 T=750 h=42 omega=0 rep=21/24 cos=+0.0235
    N=357 T=750 h=42 omega=0 rep=22/24 cos=-0.0231
    N=357 T=750 h=42 omega=0 rep=23/24 cos=+0.0000
    N=357 T=750 h=42 omega=0 rep=24/24 cos=+0.0362
    N=357 T=750 h=42 omega=0.0002 rep=1/3 cos=+0.0030
    N=357 T=750 h=42 omega=0.0002 rep=2/3 cos=+0.0078
    N=357 T=750 h=42 omega=0.0002 rep=3/3 cos=-0.0031
    N=357 T=750 h=42 omega=0.0005 rep=1/3 cos=+0.0138
    N=357 T=750 h=42 omega=0.0005 rep=2/3 cos=+0.0111
    N=357 T=750 h=42 omega=0.0005 rep=3/3 cos=+0.0370
    N=357 T=750 h=42 omega=0.001 rep=1/3 cos=+0.1011
    N=357 T=750 h=42 omega=0.001 rep=2/3 cos=+0.1289
    N=357 T=750 h=42 omega=0.001 rep=3/3 cos=+0.1024
    N=357 T=750 h=42 omega=0.002 rep=1/3 cos=+0.4155
    N=357 T=750 h=42 omega=0.002 rep=2/3 cos=+0.4343
    N=357 T=750 h=42 omega=0.002 rep=3/3 cos=+0.4913
    N=357 T=750 h=42 omega=0.005 rep=1/3 cos=+0.4617
    N=357 T=750 h=42 omega=0.005 rep=2/3 cos=+0.4692
    N=357 T=750 h=42 omega=0.005 rep=3/3 cos=+0.4509
    N=357 T=750 h=42 omega=0.01 rep=1/3 cos=+0.6232
    N=357 T=750 h=42 omega=0.01 rep=2/3 cos=+0.6259
    N=357 T=750 h=42 omega=0.01 rep=3/3 cos=+0.6773

Detection floor per cell (omega=0 is the exact null)
             tag   N   T      q  deletion_fraction  n_null  null_mean  null_sd  detection_threshold  mde_omega  mde_horizon_degrees  mde_addition_speed
   cac published  23 250 0.0920             0.1680      24    -0.0119   0.0294               0.0364     0.0020               4.8128              0.2459
   cac corrected  23 750 0.0307             0.0560      24    -0.0071   0.0229               0.0306     0.0002               0.4813              0.0815
   dax published  29 250 0.1160             0.1680      24    -0.0162   0.0287               0.0311     0.0020               4.8128              0.2606
   dax corrected  29 750 0.0387             0.0560      24    -0.0005   0.0278               0.0452     0.0005               1.2032              0.0825
nikkei published 131 250 0.5240             0.1680      24    -0.0113   0.0117               0.0079     0.0020               4.8128              0.3737
nikkei corrected 131 750 0.1747             0.0560      24     0.0045   0.0192               0.0361     0.0010               2.4064              0.1160
 sp500 published 357 357 1.0000             0.1176      24    -0.0039   0.0118               0.0155     0.0020               4.8128              0.3804
 sp500 corrected 357 750 0.4760             0.0560      24    -0.0042   0.0185               0.0263     0.0010               2.4064              0.1805

  mde_horizon_degrees is the top-six subspace rotation over one 42-day horizon that this cell can just resolve.
  mde_addition_speed is directly comparable to mean_addition_next_speed in the real Regime 4.9 series.

Written to C:\Users\Adarsh Arun\Downloads\Eigenvector Dynamics Beyond the RMT Null\results\alarm3_detection_power
